// Jest Snapshot v1, https://goo.gl/fbAQLP

exports[`Should render GameHeader correctly.. 1`] = `
<div>
  <div
    className="panelitem headertop"
  >
    <button
      className="btn"
      href=""
      onClick={[Function]}
      title="Start again!"
    >
      <FontAwesomeIcon
        border={false}
        className="svgicon"
        fixedWidth={false}
        flip={null}
        icon={
          Object {
            "icon": Array [
              512,
              512,
              Array [],
              "f135",
              "M505.1 19.1C503.8 13 499 8.2 492.9 6.9 460.7 0 435.5 0 410.4 0 307.2 0 245.3 55.2 199.1 128H94.9c-18.2 0-34.8 10.3-42.9 26.5L2.6 253.3c-8 16 3.6 34.7 21.5 34.7h95.1c-5.9 12.8-11.9 25.5-18 37.7-3.1 6.2-1.9 13.6 3 18.5l63.6 63.6c4.9 4.9 12.3 6.1 18.5 3 12.2-6.1 24.9-12 37.7-17.9V488c0 17.8 18.8 29.4 34.7 21.5l98.7-49.4c16.3-8.1 26.5-24.8 26.5-42.9V312.8c72.6-46.3 128-108.4 128-211.1.1-25.2.1-50.4-6.8-82.6zM400 160c-26.5 0-48-21.5-48-48s21.5-48 48-48 48 21.5 48 48-21.5 48-48 48z",
            ],
            "iconName": "rocket",
            "prefix": "fas",
          }
        }
        inverse={false}
        listItem={false}
        mask={null}
        pull={null}
        pulse={false}
        rotation={null}
        size={null}
        spin={false}
        symbol={false}
        title=""
        transform={null}
      />
    </button>
    <button
      className="btn"
      href=""
      onClick={[Function]}
      title="Add a player!"
    >
      <FontAwesomeIcon
        border={false}
        className="svgicon"
        fixedWidth={false}
        flip={null}
        icon={
          Object {
            "icon": Array [
              512,
              512,
              Array [],
              "f055",
              "M256 8C119 8 8 119 8 256s111 248 248 248 248-111 248-248S393 8 256 8zm144 276c0 6.6-5.4 12-12 12h-92v92c0 6.6-5.4 12-12 12h-56c-6.6 0-12-5.4-12-12v-92h-92c-6.6 0-12-5.4-12-12v-56c0-6.6 5.4-12 12-12h92v-92c0-6.6 5.4-12 12-12h56c6.6 0 12 5.4 12 12v92h92c6.6 0 12 5.4 12 12v56z",
            ],
            "iconName": "plus-circle",
            "prefix": "fas",
          }
        }
        inverse={false}
        listItem={false}
        mask={null}
        pull={null}
        pulse={false}
        rotation={null}
        size={null}
        spin={false}
        symbol={false}
        title=""
        transform={null}
      />
    </button>
  </div>
  <div
    className="panelitem"
  >
    <span
      className="displayplayer sbtxtsz_mini live"
      key="0"
    >
      Player 
      1
       [
      0
      ] [
      0
      ]
    </span>
    <span
      className="displayplayer sbtxtsz_mini"
      key="1"
    >
      Player 
      2
       [
      0
      ] [
      0
      ]
    </span>
  </div>
</div>
`;
