// Jest Snapshot v1, https://goo.gl/fbAQLP

exports[`Should render NewsTicker correctly.. 1`] = `<Connect(NewsTicker) />`;
